10minutemail.com
1337x.to
4freerussia.org
4pna.com
5sim.net
7tv.app
7tv.io
abook-club.ru
academy.terrasoft.ua
adguard-vpn.com
adguard.com
adminforge.de
ahrefs.com
allegro.pl
amdm.ru
amnezia.org
amx.com
anidub.com
annas-archive.org
any.do
aol.com
api.service-kp.com
apkmirror.com
archive.ph
archiveofourown.org
as6723.net
atv4.dnskp.cc
audiobookbay.lu
avira.com
babook.org
baginya.org
bcbits.com
bestchange.ru
bluehost.com
booktracker.org
boominfo.org
booth.pm
booth.pximg.net
botnadzor.org
bt4gprx.com
btdig.com
bufferbloat.net
carnegieendowment.org
cbilling.eu
cbilling.vip
cdnbunny.org
censortracker.org
charhub.io
chess.com
chesscomfiles.com
chub.ai
cloudtorrents.com
cnd2exp.online
cock.li
codelinaro.org
coinpayments.net
coinsbee.com
coldfilm.city
coldfilm.ink
coldfilm.xyz
coursera.org
croxyproxy.com
cub.red
cyberghostvpn.com
deckbrew.xyz
decrypt.day
deepstatemap.live
depositphotos.com
designify.com
deviantart.com
digash.live
digikey.com
digitalocean.com
dpidetector.org
dreamhost.com
dub.sh
edu-cisco.org
ef.com
ef.edu
eggertspiele.de
element14.com
elements.envato.com
epidemz.net.co
everand.com
exler.es
f95-zone.to
fast-torrent.club
fastpic.org
filmitorrent.net
filmix.ac
filmix.biz
filmix.day
filmix.fan
filmix.fm
filmix.la
flibusta.is
flibusta.net
flipboard.com
flisland.net
fls.guru
forklog.com
forum.netgate.com
forum.ru-board.com
freedomletters.org
gagadget.com
gamedistribution.com
gamesrepack.com
getoutline.org
gifyu.com
git.new
godaddy.com
gofile.io
gonitro.com
goodreads.com
gr-assets.com
hackernoon.com
hackmd.io
halooglasi.com
hdkinoteatr.com
hdstudio.org
hetzner.com
hostgator.com
iditelesombase.org
ign.com
iichan.hk
ilook.tv
incy.cc
indiehackers.com
infineon.com
insearch.site
interactivebrokers.co.uk
ionos.com
iptv.online
itch.io
kamatera.com
kilo.ai
kilocode.ai
kino.pub
kinogo.ec
kinogo.uk
kinopub.me
kinovod.net
kinozal.guru
kinozal.me
kinozal.tv
kinozaltv.life
knews.kg
knowyourmeme.com
kupujemprodajem.com
kym-cdn.com
lantern.io
le-production.tv
leafletjs.com
lib.rus.ec
libgen.li
licdn.com
linear.app
lingq.com
linkedin.com
linktr.ee
livetv.sx
liveuamap.com
lolz.guru
lostfilm.download
lostfilm.tv
lostfilm.tw
lostfilm.uno
lostfilmtv2.site
lu4.org
lucid.app
magaz.global
mail-api.proton.me
mailfence.com
mailo.com
make.com
malwarebytes.com
mashable.com
medium.com
mega.nz
megapeer.ru
megapeer.vip
metacritic.com
metal-archives.com
modrinth.com
monolisa.dev
more.fm
mullvad.net
musicbrainz.org
musixmatch.com
mw2.wiki
navalny.com
neformat.com.ua
networksolutions.com
nhl.com
nih.gov
nippon.com
nnmclub.to
nnmstatic.win
notepad-plus-plus.org
novaline.fm
ntc.party
ohmyswift.ru
okx.com
olx.ua
omv-extras.org
onlinesim.io
opensanctions.org
opensea.io
opentrackr.org
pages.dev
patreon.com
patreonusercontent.com
pb.wtf
pimpletv.ru
piratbit.top
pixabay.com
pixiv.net
polymarket.com
primevue.org
privatekeys.pw
prnt.sc
pronouns.page
prostovpn.org
proton.me
protonvpn.com
psiphon.ca
pvpessence.com
quora.com
quora.com.cdn.cloudflare.net
radiojar.com
redshieldvpn.com
refactoring.guru
render-state.to
rentry.co
restream.io
rf.dobrochan.net
riperam.org
riseup.net
rublacklist.net
ruscryde.net
rustorka.com
rutor.info
rutor.is
rutor.org
rutracker.cc
rutracker.net
rutracker.org
rutracker.wiki
sap.com
saverudata.net
sci-hub.se
sci-hub.st
scrollrevealjs.org
scryde.io
scryde.net
scryde.ru
scryde.world
scryde1.net
scryde10.net
scryde11.net
scryde12.net
scryde2.net
scryde3.net
scryde4.net
scryde5.net
scryde6.net
scryde7.net
scryde8.net
scryde9.net
searchfloor.org
seasonvar.ru
selezen.org
shiza-project.com
showip.net
signal.org
simplex.chat
simplex.im
simplix.info
skiff.com
skladchik.com
sklatchiki.ru
slifki.biz
sms-activate.io
sndcdn.com
sophos.com
soundcloud.cloud
soundcloud.com
speedtest.net
spreadthesign.com
squietpc.com
startmail.com
startpage.com
static.lostfilm.top
statology.org
steamstat.info
supersliv.biz
surfshark.com
swissinfo.ch
te-st.org
temu.com
thepiratebay.org
thetvdb.com
threema.ch
tiptop-vpn.com
torproject.org
torrentgalaxy.to
trellix.com
trueblackmetalradio.com
turbobit.net
tuta.com
tuta.io
tvdevinfo.com
twin.me
twinlife-systems.com
twinme.com
twirpx.com
ukr.net
ukrtelcdn.net
unsplash.com
urlr.me
viber.com
vice.com
visualcapitalist.com
vpngate.net
vpngen.org
vpnlove.me
vpnpay.io
webmd.com
webtoons.com
wiki.fextralife.com
wilsoncenter.org
windows10spotlight.com
zbigz.com
zendesk.com
