4pda.to
4pda.ws
a-vrv.akamaized.net
abercrombie.com
adidas.com
adobe.com
adobe.io
adobe.net
affinity.studio
ai-chat.bsg.brave.com
ai.com
aircanada.com
akc.org
all3dp.com
alphacoders.com
alza.hu
amazfitwatchfaces.com
amplitude.com
analog.com
andrevi.ch
ansys.com
anthropic.com
anthropic.qualtrics.com
api.jetbrains.ai
api.themoviedb.org
arc.net
arduino.cc
assets.heroku.com
atlassian.com
att.com
augmentcode.com
autodesk.com
backend-v2.crixet.com
bell-sw.com
bestbuy.com
bitdefender.com
bitnami.com
blinkshot.io
bosch.com
boschaftermarket.com
boschautoparts.com
brawlstarsgame.com
broadcom.com
broncosportforum.com
btod.com
buanzo.org
buf.build
builds.parsec.app
buymeacoffee.com
canva.com
canva.dev
capacitorjs.com
carrefouruae.com
cats.com
cdn.web-platform.io
cdromance.org
cdw.com
chainreactioncycles.com
chaos.com
chat.com
chat.openai.com.cdn.cloudflare.net
chatgpt.com
cisco.com
cisecurity.org
citrix.com
clamav.net
clashofclans.com
clashroyaleapp.com
claude.ai
claude.com
clevelandclinic.org
clickup.com
clip.opus.pro
code.gist.build
codeium.com
coingate.com
community.sophos.com
connect.ngrok-agent.com
contabo.com
copilot.microsoft.com
corsair.com
cpu-monkey.com
credly.com
crunchyroll.com
cursor-cdn.com
cursor.sh
cursorapi.com
cvedetails.com
daemon-tools.cc
dashboard.algolia.com
dashboard.gitguardian.com
data-cdn.mbamupdates.com
data.cline.bot
deepl.com
deezer.com
dell.com
dellcdn.com
designer.microsoft.com
developer.nvidia.com
devexpress.com
diabrowser.com
digitalcontent.sky
disctech.com
disneyplus.com
docs.liquibase.com
document360.com
document360.io
download3.omnissa.com
downloads.intercomcdn.com
ducati.com
dyson.com
easydmarc.com
editorx.com
elevenlabs.io
eneba.com
etsy.com
exchanger.bits.media
expandrive.com
extremetech.com
f1.com
fast.com
filebin.net
files.manus.cdn
fivetran.com
flir.com
flir.eu
flourish.studio
fluke.com
flukenetworks.com
flyertalk.com
footballapi.pulselive.com
force-user-content.com
force.com
formula1.com
forum.netgate.com
framer.app
framer.com
framercanvas.com
framercdn.com
framerstatic.com
framerusercontent.com
freeimages.com
fxnetworks.com
g2a.com
gamestop.com
gaming.amazon.com
geforcenow.com
genspark.ai
geolocation.onetrust.com
getoutline.com
gfn.am
ghostrc.game.idtech.services
global.fncstatic.com
glpals.com
gofund.me
gofundme.com
gonift.com
gpsonextra.net
gpu-monkey.com
gql.twitch.tv
grafana.com
graylog.org
grizzlysms.com
grok.com
grok.x.com
groq.com
groupon.com
guilded.gg
habr.com
hashicorp.com
haydaygame.com
hbomax.com
hc-ping.com
hchk.io
healthline.com
herokucdn.com
hollisterco.com
home-connect.com
home.by.me
hostinger.com
hotels.com
housebrand.com
htmhell.dev
httptoolkit.com
hume.ai
hybrid-analysis.com
ibm.com
iedb.org
iherb.com
ikea.com
image.tmdb.org
imgur.com
indeed.com
install.launcher.omniverse.nvidia.com
intel.com
intel.de
intel.nl
intelix.sophos.com
intercom.io
intuit.com
intuitibits.com
itninja.com
jamf.com
jetbrains.com
jetbrains.space
jetbrains.team
joesandbox.com
kaleido.ai
keysight.com
kinogo.la
klarna.com
kmail-lists.com
lambdalabs.com
langdock.com
last.fm
ldoceonline.com
legalshield.com
lgeapi.com
lgthinq.com
lidarr.audio
lifehacker.com
lightning.ai
lookerstudio.google.com
lyst.com
mailerlite.com
mailinator.com
manus.im
manybooks.net
marvelsnap.com
mattermost.com
max.com
medicalnewstoday.com
meetup.com
metopera.org
middlewareinventory.com
mintmobile.com
miracleptr.wordpress.com
mixcloud.com
mongodb.com
monoprice.com
mouser.com
mouser.fi
mssg.me
multisim.com
myheritage.com
myjetbrains.com
myparallels.com
myqrcode.com
nba.com
neo4j.com
netacad.com
netapp.com
netflix.ca
netflix.com
netflix.net
netflixinvestor.com
netflixtechblog.com
netlify.com
new.abb.com
newark.com
news.google.com
newsroom.porsche.com
nfl.com
nflxext.com
nflximg.com
nflximg.net
nflxsearch.net
nflxso.net
nflxvideo.net
ngrok.com
ni.com
nike.com
nitropdf.com
nordaccount.com
nordcdn.com
nordvpn.com
notion-emojis.s3-us-west-2.amazonaws.com
notion-static.com
notion.com
notion.new
notion.site
notion.so
ntp.msn.com
nxp.com
oaistatic.com
oaiusercontent.com
ocstore.com
octopus.do
omnissa.com
onfastspring.com
onshape.com
openai.com
openh264.org
openrouter.ai
oracle.com
oraclecloud.com
paddle.com
paddlestatus.com
pandasecurity.com
parallels.cn
parallels.com
parallels.net
parallelsaccess.com
paritydeals.com
patreon.com
patreonusercontent.com
paywithmoon.com
pcgamesn.com
pcmag.com
penguin.com
penguinrandomhouse.com
pexels.com
philiascans.org
pingdom.com
pkgs.tailscale.com
platform.activestate.com
plugshare.com
posthog.com
premierleague.com
primark.com
primevideo.com
proactivebackend-pa.googleapis.com
production-openaicom-storage.azureedge.net
profitwell.com
prowlarr.com
public.parsec.app
qobuz.com
qodana.cloud
qoder.com
qt.io
qualcomm.com
quicknode.com
qwant.com
reactflow.dev
recraft.ai
redis.io
redislabs.com
remna.st
remove.bg
research.net
reve.art
salesforce-experience.com
salesforce-hub.com
salesforce-scrt.com
salesforce-setup.com
salesforce-sites.com
salesforce.com
salesforceiq.com
salesforceliveagent.com
schneider-electric.com
sdxcentral.com
se.com
seconddinnertech.com
semrush.com
sentry.dev
sentry.io
sephora.com
servarr.com
sfdcopens.com
sharefile.com
sharefile.io
shinyhardware.co.uk
shop.gameloft.com
sigsauer.com
singlekey-id.com
site.com
siteground.com
sketchup.com
sky.com
skycdp.com
smartbear.co
smartbear.com
smartdeploy.com
snapgametech.com
snapgene.com
snort.org
snyk.io
solarwinds.com
sonara.ai
sora.com
spacelift.io
spiceworks.com
spitfireaudio.com
spotify.com
squadbustersgame.com
squareup.com
strava.com
streamable.com
suggestqueries.google.com
supercell.com
support.anydesk.com
support.xerox.com
surveymonkey.com
swagger.io
swapd.co
synoforum.com
syslog-ng.com
tableau.com
talosintelligence.com
teamviewer.com
techbargains.com
telemetr.io
tempmail.plus
terraform.io
theaudiodb.com
themoviedb.org
ti.com
tidal.com
timberland.de
tmdb-image-prod.b-cdn.net
tmdb.com
tmdb.org
toolbox.app
torrenteditor.com
trae.ai
trailblazer.me
trailhead.com
transferwise.com
tria.ge
truthsocial.com
tsmc.com
tutanota.com
typing.com
uaudio.com
uizard.io
unscreen.com
upwork.com
usher.ttvnw.net
v.vrv.co
vagrantcloud.com
veeam.com
verificationacademy.com
vmware.com
vod-fy.crunchyrollcdn.com
volkswagen-classic-parts.com
vyos.io
w.atwiki.jp
walmart.com
watchguard.com
watermarkremover.io
wbagora.com
wbgames.com
wdfiles.com
weather.com
webnames.ca
weebly.com
wetransfer.com
widgetapp.stream
wikidot.com
windsurf.com
wise.com
wpengine.com
wunderground.com
www3.corsair.com
x-minus.pro
x.ai
xiaomi.eu
xrite.com
xsts.auth.xboxlive.com
xtracloud.net
yeggi.com
youtrack.cloud
zapier.com
zedge.net
zerossl.com
