3os.org
acclaimedvideogames.com
adbappcontrol.com
ajay.app
allawnos.com
alterportal.net
amazon.com
amazonaws.com
aniliberty.top
archlinux.org
armbian.com
armbian.de
artixlinux.org
artstation.com
beamng.com
beatmods.com
beatsaver.com
bitbucket.org
bitru.org
bitvise.com
blackhatworld.com
britishcouncil.org
bsmanager.io
callfilter.app
capcut.com
capcutapi.com
capcutstatic.com
capcutvod.com
cdn-lfs-eu-1.hf.co
cdn-lfs-us-1.hf.co
cdn-lfs.hf.co
cdn-lfs.huggingface.co
cdn-service.space
cdn.embedly.com
cdn.polyhaven.com
cdn.web-global.fds.api.mi-img.com
check-host.net
clashverge.dev
clerk.com
clerk.dev
clickup-attachments.com
cloudflare.com
cloudflarestorage.com
cloudfront.net
cloudns.net
clubtv.pro
cochrane.org
coderabbit.ai
consensus.app
convertunits.com
crdroid.net
curseforge.com
customfw.xyz
d4c.nintendo.net
desec.io
dev.to
discogs.com
discourse-cdn.com
dockhand.pro
dodopayments.com
dosvid.tk
dragons.nintendo.net
drpool.io
ds-servers.com
dvprogram.state.gov
eaaccounts.akamaized.net
easysimplesolution.net
edx.org
elsevier.com
elsevier.com.cdn.cloudflare.net
eshop.nintendo.net
ezgif.com
fandom.com
fastpic.org
fedoraproject.org
feeds.feedburner.com
figshare.com
filmix.my
flathub.org
flclash.cc
forum.syncthing.net
fosshub.com
fossorial.io
friendlyelec.com
fwupd.org
galaxy.ansible.com
geekbench.com
gitlab.com
gizmochina.com
gnome.org
gopro.com
grafana.net
heavyfetish.com
helpdesk-static.com
helpdesk.com
heltec.org
hetzner.cloud
hetzner.com
higgsfield.ai
hostero.eu
howtogeek.com
htx.com
huggingface.co
ikea.com
imagedelivery.net
imazing.com
imgbb.com
imigo.ai
inoreader.com
iot334.com
ipinfo.app
irc-ws.chat.twitch.tv
ixxx.com
izzysoft.de
jellyfin.org
jinxxy.com
joeysretrohandhelds.com
karing.app
kde.org
kyoceradocumentsolutions.com
lenso.ai
libria.fun
lifeforge.dev
linuxserver.io
litellm.ai
livechat.com
livechatinc.com
llhost.eu
localsend.org
lowendtalk.com
luadns.com
magicalchemy.org
manjaro.org
maximoff.su
mdpi.com
media5.cdnbase.com
mediafilez.forgecdn.net
memepedia.ru
meshtastic.org
mirror.chaotic.cx
mongodb.com
monochrome.tf
music.apple.com
netbird.io
nextcloud.com
nextdirect.com
nexusmods.com
nintendo.com
nixos.org
nuxt.com
nvidia.com
ocbase.com
opencode.ai
openrailwaymap.org
opensubtitles.org
opentext.com
openwrt.org
opintopolku.fi
ovh.ie
pantone.com
pastebin.com
patterns.dev
pdfcoffee.com
pinata.cloud
ping-admin.com
pinia-colada.esm.dev
pinterest.com
plantuml.com
porkbun.com
pplx-res.cloudinary.com
protondb.com
protonvpn.com
pstatic.net
pstmn.io
pusher.com
pypi.org
qualtrics.com
reddit.com
redux.js.org
resizing.flixster.com
rosepinetheme.com
rottentomatoes.com
rulet.tv
russianfood.com
rutracker.org
sb-cd.com
sbox.game
scira.ai
scribd.com
seriesgraph.com
shara-mail.com
silabs.com
sing-box.sagernet.org
skillsforall.com
smods.ru
snikket.org
spankbang.com
srv.nintendo.net
static.wixstatic.com
steamos.cloud
storybook.js.org
strapi.io
strava.com
stripe.com
stripecdn.com
studyinfinland.fi
succurity.com
sxyprn.com
sxyprn.net
tailwind-variants.org
teamviewer.com
tefl.org
text.com
thelancet.com
tiny.cloud
transistor.fm
tremendous.com
trueachievements.com
tunemymusic.com
tuya-inc.cn
tuya.com
tuyaaf.com
tuyacn.com
tuyaeu.com
tuyain.com
tuyaus.com
ubuntu-touch.io
use.typekit.net
userbenchmark.com
utils.docs.rw
vecpea.com
vivo.com.cn
vod.streamgum.com
vpnjantit.com
vrchat.cloud
vrchat.com
walletbot.me
wayground.com
wbagora.com
wbgames.com
wbinsights.com
whoer.net
windowsupdate.com
wwnd.space
xda-developers.com
xdaforums.com
xraycore.org
yarnpkg.com
youngliving.com
zerotier.com
