24.kg
7dniv.rv.ua
9tv.co.il
activatica.org
agents.media
api.theins.info
arbat.media
atn.ua
azathabar.com
azattyq.org
baikal-journal.ru
bbc.co.uk
bbc.com
bbci.co.uk
bellingcat.com
bihus.info
blackseanews.net
censor.net
cherta.media
colta.ru
csskor.ill.in.ua
currenttime.tv
cursorinfo.co.il
cyxymu.info
dailylviv.com
delfi.lt
delfi.lv
discours.io
dovod.online
doxa.team
dumka.media
dw.com
echofm.online
ej.ru
ekhokavkaza.com
espreso.tv
euronews.com
europesays.com
euroradio.fm
eutrp.eu
expres.online
fn-volga.ru
fonge.org
fortanga.org
foxnews.com
freemedia.io
germania.one
glavred.info
glavred.net
golosameriki.com
grani.ru
graty.me
gulagu.net
holod.media
hromadske.ua
hs.fi
i.sakh.com
idelreal.org
important-stories.com
interfax.com.ua
is.fi
istories.media
itsmycity.ru
jskor.ill.in.ua
kaktus.media
kasparov.ru
kavkaz-uzel.eu
kavkazr.com
kolsar.org
kor.ill.in.ua
korrespondent.net
kovcheg.live
krymr.com
lamcdn.net
liga.net
locals.md
mbk-news.appspot.com
mediazona.ca
meduza.io
merezha.co
metla.press
mezha.net
mignews.com
moscowtimes.ru
news.google.com
newsru.co.il
newsru.com
newtimes.ru
novaya.no
novayagazeta.eu
novayagazeta.ru
novyny.live
obozrevatel.com
oi.legal
openmedia.io
opposition-news.com
ovd.info
ovd.legal
ovd.news
ovdinfo.org
ozodi.org
pap.pl
paperpaper.io
paperpaper.ru
patriot.dp.ua
polit.ru
politico.eu
politiken.dk
portal.lviv.ua
posle.media
postimees.ee
pravda.com
pravda.com.ua
proekt.media
prosleduetmedia.com
provereno.media
r4.err.ee
radiosakharov.org
radiosvoboda.org
rbc.ua
realist.online
republic.ru
rezonans.media
rferl.org
rima.media
roar-review.com
root-nation.com
roskomsvoboda.org
rus.delfi.ee
rus.jauns.lv
sakhalin.info
sakharovfoundation.org
semnasem.org
severreal.org
sibreal.org
skat.media
slavicsac.com
sobesednik.com
sotaproject.com
spektr.press
spiegel.de
sputnikipogrom.com
strana.news
strana.today
suspilne.media
svidomi.in.ua
svoboda.org
svoi.kr.ua
svtv.org
t-invariant.org
tayga.info
telegraf.by
telegraf.news
telegraph.co.uk
the-village.ru
thebarentsobserver.com
thebell.io
theins.press
theins.ru
themoscowtimes.com
thetruestory.news
tvfreedom.io
tvrain.ru
tvrain.tv
ui.ill.in.ua
ukr.radio
ukrainer.net
ukrinform.net
unian.ua
usa.one
usatoday.com
verstka.media
vesma.one
vesma.today
vesty.co.il
voanews.com
vot-tak.tv
welt.de
wonderzine.com
yle.fi
zahav.ru
zaxid.net
zerkalo.io
zona.media
