# GitHub доменами: то, к чему ходят установщик splify2, opkg/apk и человек за роутером.
# Адресами GitHub издаётся ОТДЕЛЬНО, категорией «GitHub CDN» (все подсети сети GitHub).
# Разделение сделано по просьбе владельца: доменный список точнее и дешевле для тех, у
# кого работает свой резолвер, а адресный нужен там, где DNS осмотреть нельзя.
github.com
www.github.com
api.github.com
codeload.github.com
raw.githubusercontent.com
objects.githubusercontent.com
release-assets.githubusercontent.com
gist.githubusercontent.com
avatars.githubusercontent.com
camo.githubusercontent.com
user-images.githubusercontent.com
github.io
ghcr.io
pkg.github.com
npm.pkg.github.com
uploads.github.com
github.dev
githubassets.com
githubusercontent.com
