# GitHub: домены, к которым ходят установщик splify2, opkg/apk и человек за роутером.
# Адресная часть категории берётся из официального фида api.github.com/meta
# (см. asn_pull.pull_github), эти домены — доменная половина того же сервиса.
github.com
www.github.com
api.github.com
codeload.github.com
raw.githubusercontent.com
objects.githubusercontent.com
release-assets.githubusercontent.com
gist.githubusercontent.com
avatars.githubusercontent.com
camo.githubusercontent.com
user-images.githubusercontent.com
github.io
ghcr.io
pkg.github.com
npm.pkg.github.com
uploads.github.com
github.dev
githubassets.com
githubusercontent.com
